
> ar-app@0.0.0 build
> vite build

[36mvite v5.4.21 [32mbuilding for production...[36m[39m
transforming...
[32mΓ£ô[39m 4 modules transformed.
node.exe : [31mx[39m 
Build failed in 443ms
At C:\Program 
Files\nodejs\npm.ps1:29 
char:3
+   & $NODE_EXE 
$NPM_CLI_JS $args
+   ~~~~~~~~~~~~~~~~~~~~~~~
~~~~~~
    + CategoryInfo         
     : NotSpecified: ([3  
  1mx[39m Build failed    
 in 443ms:String) [], R    
emoteException
    + FullyQualifiedErrorI 
   d : NativeCommandError
 
[31merror during build:
[31m[vite:esbuild] 
Transform failed with 6 
errors:
D:/AR_APP/src/App.jsx:84:9:
 ERROR: The symbol 
"HomeTab" has already been 
declared
D:/AR_APP/src/App.jsx:257:9
: ERROR: The symbol 
"ActivityLogModal" has 
already been declared
D:/AR_APP/src/App.jsx:350:9
: ERROR: The symbol 
"DirectoryTab" has already 
been declared
D:/AR_APP/src/App.jsx:468:9
: ERROR: The symbol 
"EventsTab" has already 
been declared
D:/AR_APP/src/App.jsx:969:9
: ERROR: The symbol 
"LeaderboardTab" has 
already been declared
...[31m
file: [36mD:/AR_APP/src/Ap
p.jsx:84:9[31m
[33m
[33mThe symbol "HomeTab" 
has already been 
declared[33m
82 |  
83 |  // --- TAB 1: HOME 
(CALENDAR) ---
84 |  function HomeTab({ 
activityLog = [], 
currentUserRole }) {
   |           ^
85 |    const 
upcomingEvents = 
MOCK_EVENTS.filter(e => 
e.status === 'upcoming' || 
e.status === 'ongoing');
86 |    const 
[showAllLogs, 
setShowAllLogs] = 
useState(false);

[33mThe symbol 
"ActivityLogModal" has 
already been declared[33m
255|  }
256|  
257|  function 
ActivityLogModal({ 
activityLog, onClose }) {
   |           ^
258|    const [search, 
setSearch] = useState('');
259|    const [filterType, 
setFilterType] = 
useState('All');

[33mThe symbol 
"DirectoryTab" has already 
been declared[33m
348|  
349|  // --- TAB 2: TEAM 
DIRECTORY ---
350|  function 
DirectoryTab() {
   |           ^
351|    const [filterRole, 
setFilterRole] = 
useState('All');
352|    const 
[filterLevel, 
setFilterLevel] = 
useState('All');

[33mThe symbol 
"EventsTab" has already 
been declared[33m
466|  
467|  // --- TAB 3: EVENTS 
& TRACKING ---
468|  function EventsTab({ 
currentUserRole = 'Team 
Leader', activityLog, 
setActivityLog }) {
   |           ^
469|    const [events, 
setEvents] = 
useState([...MOCK_EVENTS]);
470|    const 
[eventFilter, 
setEventFilter] = 
useState('ongoing');

[33mThe symbol 
"LeaderboardTab" has 
already been declared[33m
967|  
968|  // --- TAB 4: 
LEADERBOARD ---
969|  function 
LeaderboardTab() {
   |           ^
970|    const [sortBy, 
setSortBy] = 
useState('hours');
971|    const 
[filterLevel, 
setFilterLevel] = 
useState('All');

[33mThe symbol 
"ProfileTab" has already 
been declared[33m
1073|  
1074|  // --- TAB 5: 
PROFILE & FINANCES ---
1075|  function 
ProfileTab({ 
currentUserRole }) {
   |           ^
1076|    // Mock Logged-in 
User based on simulated 
role
1077|    let loggedInUser;
[31m
    at failureErrorWithLog 
(D:\AR_APP\node_modules\esb
uild\lib\main.js:1472:15)
    at D:\AR_APP\node_modul
es\esbuild\lib\main.js:755:
50
    at responseCallbacks.<c
omputed> (D:\AR_APP\node_mo
dules\esbuild\lib\main.js:6
22:9)
    at 
handleIncomingPacket (D:\AR
_APP\node_modules\esbuild\l
ib\main.js:677:12)
    at 
Socket.readFromStdout (D:\A
R_APP\node_modules\esbuild\
lib\main.js:600:7)
    at Socket.emit 
(node:events:518:28)
    at addChunk (node:inter
nal/streams/readable:561:12
)
    at readableAddChunkPush
ByteMode (node:internal/str
eams/readable:512:3)
    at Readable.push (node:
internal/streams/readable:3
92:5)
    at Pipe.onStreamRead (n
ode:internal/stream_base_co
mmons:189:23)[39m
